// Vitest Snapshot v1, https://vitest.dev/guide/snapshot.html

exports[`Modal > should render successfully 1`] = `
<div
  id="modal"
>
  <div
    class="_overlay_99d7e0"
  >
    <div
      aria-modal="true"
      class="_modal_99d7e0 _modal-medium_99d7e0"
      role="dialog"
    >
      <button
        class="_closeButton_99d7e0"
        type="button"
      >
        <svg
          aria-label="Close"
          viewBox="0 0 24 24"
        >
          <symbol
            fill="none"
            id="0e3644c6"
            viewBox="0 0 24 24"
            xmlns="http://www.w3.org/2000/svg"
          >
            <path
              d="M18 6L6 18"
              stroke="currentColor"
              stroke-linecap="round"
              stroke-linejoin="round"
              stroke-width="2"
            />
            <path
              d="M6 6L18 18"
              stroke="currentColor"
              stroke-linecap="round"
              stroke-linejoin="round"
              stroke-width="2"
            />
          </symbol>
          <use
            href="#0e3644c6"
          />
        </svg>
      </button>
    </div>
  </div>
</div>
`;
